[{"id":"auto","name":"Auto","description":"Programming related to cars, motorcycles, and other automobiles"}]