[{"channel":"002RadioTV.do","id":"SD","name":"SD","alt_names":[],"is_main":true,"broadcast_area":["c/DO"],"timezones":["America/Santo_Domingo"],"languages":["spa"],"format":"480i"},{"channel":"M5.hu","id":"SD","name":"SD","alt_names":["Méditerranée","Sud"],"is_main":false,"broadcast_area":["c/DO"],"timezones":["America/Santo_Domingo"],"languages":["spa"],"format":"480i"}]