[{"channel":"002RadioTV.do","feed":"SD","tags":[],"width":0,"height":0,"format":null,"url":"https://i.imgur.com/7oNe8xj.png"},{"channel":"114TV.az","feed":null,"tags":[],"width":480,"height":480,"format":"JPEG","url":"https://i.imgur.com/LWT52nh.jpeg"},{"channel":"13thStreet.nl","feed":null,"tags":["black","stacked"],"width":512,"height":506,"format":"PNG","url":"https://upload.wikimedia.org/wikipedia/commons/thumb/0/0c/13th_street_logo_uk_master_rgb_black.png/512px-13th_street_logo_uk_master_rgb_black.png"}]