[{"channel":"002RadioTV.do","id":"SD","name":"SD","is_main":true,"broadcast_area":["c/DO"],"timezones":["America/Santo_Domingo"],"languages":["spa"],"video_format":"480i","launched":null,"closed":null,"replaced_by":null},{"channel":"M5.hu","id":"SD","name":"SD","is_main":false,"broadcast_area":["c/DO"],"timezones":["America/Santo_Domingo"],"languages":["spa"],"video_format":"480i","launched":null,"closed":"2021-01-01","replaced_by":"002RadioTV.do@SD"}]